<html>
<body>
<pre>
<h1>µVision Build Log</h1>
<h2>Tool Versions:</h2>
IDE-Version: µVision V5.35.0.0
Copyright (C) 2021 ARM Ltd and ARM Germany GmbH. All rights reserved.
License Information: Giorno Govanno, ISAKNeuman, LIC=50D7S-LC1R2-4AVDE-5DRGS-RB7KQ-8LE02
 
Tool Versions:
Toolchain:       MDK-ARM Professional  Version: 5.35.0.2
Toolchain Path:  C:\Keil_v5\ARM\ARMCLANG\Bin
C Compiler:      ArmClang.exe V6.16
Assembler:       Armasm.exe V6.16
Linker/Locator:  ArmLink.exe V6.16
Library Manager: ArmAr.exe V6.16
Hex Converter:   FromElf.exe V6.16
CPU DLL:         SARMCM3.DLL V5.35.0.2
Dialog DLL:      DCM.DLL V1.17.3.0
Target DLL:      STLink\ST-LINKIII-KEIL_SWO.dll V3.0.9.0
Dialog DLL:      TCM.DLL V1.53.0.0
 
<h2>Project:</h2>
Q:\STM32_uvsion\FreeRTOS_blink.uvprojx
Project File Date:  09/05/2021

<h2>Output:</h2>
*** Using Compiler 'V6.16', folder: 'C:\Keil_v5\ARM\ARMCLANG\Bin'
Build target 'Target 1'
led.c(1): warning: In file included from...
./led.h(10): warning: padding struct 'led' with 2 bytes to align '_delay_for_task' [-Wpadded]
        uint32_t _delay_for_task;
                 ^
led.c(20): warning: implicit conversion changes signedness: 'int' to 'unsigned int' [-Wsign-conversion]
                GPIOx->CRL              |=      2<<(4*(*pin));
                                        ~~      ~^~~~~~~~~~~~
led.c(22): warning: implicit conversion changes signedness: 'int' to 'unsigned int' [-Wsign-conversion]
                GPIOx->CRL              &=      ~(3<<(2+4*(*pin)));
                                        ~~      ^~~~~~~~~~~~~~~~~~
led.c(28): warning: implicit conversion changes signedness: 'int' to 'unsigned int' [-Wsign-conversion]
                GPIOx->CRH              |=      2<<(4*(*pin));
                                        ~~      ~^~~~~~~~~~~~
led.c(30): warning: implicit conversion changes signedness: 'int' to 'unsigned int' [-Wsign-conversion]
                GPIOx->CRH              &=      ~(3<<(2+4*(*pin)));
                                        ~~      ^~~~~~~~~~~~~~~~~~
led.c(55): warning: variable 'GPIOx' is uninitialized when used here [-Wuninitialized]
        choice_GPIOx(&port,GPIOx);
                           ^~~~~
led.c(54): note: initialize the variable 'GPIOx' to silence this warning
        GPIO_TypeDef* GPIOx;
                           ^
                            = NULL
led.c(62): warning: function 'vBlinker1' could be declared with attribute 'noreturn' [-Wmissing-noreturn]
void vBlinker1(void *pvParameters){
                                  ^
led.c(70): warning: unused parameter 'pvParameters' [-Wunused-parameter]
void vBlinker2(void *pvParameters){
                     ^
led.c(70): warning: function 'vBlinker2' could be declared with attribute 'noreturn' [-Wmissing-noreturn]
void vBlinker2(void *pvParameters){
                                  ^
led.c(77): warning: unused parameter 'pvParameters' [-Wunused-parameter]
void vBlinker3(void *pvParameters){
                     ^
led.c(77): warning: function 'vBlinker3' could be declared with attribute 'noreturn' [-Wmissing-noreturn]
void vBlinker3(void *pvParameters){
                                  ^
11 warnings generated.
compiling led.c...
linking...
Program Size: Code=7004 RO-data=268 RW-data=4 ZI-data=11468  
".\Objects\FreeRTOS_blink.axf" - 0 Error(s), 11 Warning(s).

<h2>Software Packages used:</h2>

Package Vendor: ARM
                http://www.keil.com/pack/ARM.CMSIS.5.8.0.pack
                ARM.CMSIS.5.8.0
                CMSIS (Common Microcontroller Software Interface Standard)
   * Component: RTOS Version: 1.0.0
   * Component: RTOS2 Version: 2.1.3
   * Component: CORE Version: 5.5.0

Package Vendor: ARM
                http://www.keil.com/pack/ARM.CMSIS-FreeRTOS.10.3.1.pack
                ARM.CMSIS-FreeRTOS.10.3.1
                Bundle of FreeRTOS for Cortex-M and Cortex-A
   * Component: Config Variant: CMSIS RTOS2 Version: 10.3.1
   * Component: Core Variant: Cortex-M Version: 10.3.1
   * Component: Event Groups Version: 10.3.1
   * Component: Heap Variant: Heap_1 Version: 10.3.1
   * Component: Timers Version: 10.3.1
   * Component: FreeRTOS Version: 10.3.1
   * Component: FreeRTOS Variant: Cortex-M Version: 10.3.1

Package Vendor: Keil
                http://www.keil.com/pack/Keil.STM32F1xx_DFP.2.3.0.pack
                Keil.STM32F1xx_DFP.2.3.0
                STMicroelectronics STM32F1 Series Device Support, Drivers and Examples
   * Component: Startup Version: 1.0.0

<h2>Collection of Component include folders:</h2>
  .\RTE\Device\STM32F103C8
  .\RTE\RTOS
  .\RTE\_Target_1
  C:\Users\isakn\AppData\Local\Arm\Packs\ARM\CMSIS-FreeRTOS\10.3.1\CMSIS\RTOS2\FreeRTOS\Include
  C:\Users\isakn\AppData\Local\Arm\Packs\ARM\CMSIS-FreeRTOS\10.3.1\CMSIS\RTOS2\FreeRTOS\Include1
  C:\Users\isakn\AppData\Local\Arm\Packs\ARM\CMSIS-FreeRTOS\10.3.1\Source\include
  C:\Users\isakn\AppData\Local\Arm\Packs\ARM\CMSIS-FreeRTOS\10.3.1\Source\portable\GCC\ARM_CM3
  C:\Users\isakn\AppData\Local\Arm\Packs\ARM\CMSIS\5.8.0\CMSIS\Core\Include
  C:\Users\isakn\AppData\Local\Arm\Packs\ARM\CMSIS\5.8.0\CMSIS\RTOS2\Include
  C:\Users\isakn\AppData\Local\Arm\Packs\Keil\STM32F1xx_DFP\2.3.0\Device\Include

<h2>Collection of Component Files used:</h2>

   * Component: ::CMSIS:RTOS:1.0.0 (API)

   * Component: ::CMSIS:RTOS2:2.1.3 (API)
      Include file:  CMSIS\RTOS2\Include\cmsis_os2.h

   * Component: ARM.FreeRTOS::RTOS:Config:CMSIS RTOS2:10.3.1
      Include file:  CMSIS\RTOS2\FreeRTOS\Config\ARMCM\FreeRTOSConfig.h

   * Component: ARM.FreeRTOS::RTOS:Core:Cortex-M:10.3.1
      Include file:  Source\include\queue.h
      Include file:  Source\include\semphr.h
      Include file:  Source\include\task.h
      Source file:   Source\queue.c
      Include file:  Source\include\FreeRTOS.h
      Source file:   Source\tasks.c
      Source file:   Source\list.c
      Source file:   Source\portable\GCC\ARM_CM3\port.c
      Source file:   CMSIS\RTOS2\FreeRTOS\Source\freertos_evr.c

   * Component: ARM.FreeRTOS::RTOS:Event Groups:10.3.1
      Include file:  Source\include\event_groups.h
      Source file:   Source\event_groups.c

   * Component: ARM.FreeRTOS::RTOS:Heap:Heap_1:10.3.1
      Source file:   Source\portable\MemMang\heap_1.c

   * Component: ARM.FreeRTOS::RTOS:Timers:10.3.1
      Include file:  Source\include\timers.h
      Source file:   Source\timers.c

   * Component: ARM::CMSIS:CORE:5.5.0

   * Component: ARM::CMSIS:RTOS:FreeRTOS:10.3.1
      Include file:  CMSIS\RTOS2\FreeRTOS\Include1\cmsis_os.h
      Source file:   CMSIS\RTOS2\FreeRTOS\Source\cmsis_os1.c

   * Component: ARM::CMSIS:RTOS2:FreeRTOS:Cortex-M:10.3.1
      Source file:   CMSIS\RTOS2\FreeRTOS\Source\cmsis_os2.c
      Include file:  CMSIS\RTOS2\FreeRTOS\Include\freertos_mpool.h
      Source file:   CMSIS\RTOS2\FreeRTOS\Source\os_systick.c
      Source file:   CMSIS\RTOS2\FreeRTOS\Source\ARM\clib_arm.c

   * Component: Keil::Device:Startup:1.0.0
      Source file:   Device\Source\ARM\startup_stm32f10x_md.s
      Include file:  RTE_Driver\Config\RTE_Device.h
      Source file:   Device\Source\ARM\STM32F1xx_OPT.s
      Source file:   Device\Source\system_stm32f10x.c
Build Time Elapsed:  00:00:01
</pre>
</body>
</html>
